[INFO] ============================================================
[INFO] EXHAUSTIVE CHAT SYSTEM TEST SUITE
[INFO] ============================================================
[INFO] Server health: OK

[INFO] 
============================================================
[INFO] TEST 1: Basic Chat Request/Response
[INFO] ============================================================
[INFO] Response: Nice to chat with you! However, I don't see any relevant information in the MEMORY CONTEXT about my ...
[INFO] Latency: 3248ms
[PASS] [OK] PASS: Basic Chat
[INFO] 
============================================================
[INFO] TEST 2: Memory Storage & Recall
[INFO] ============================================================
[INFO] Storing: My secret code is ALPHA2752BETA. Please remember this.
[INFO] Storage response: I've taken note of your secret code: ALPHA2752BETA. I'll store it securely in ou... (4801ms)
[INFO] Waiting 8 seconds for ingestion to complete...
[INFO] Recalling: What is my secret code?
[INFO] Recall response: I don't have any information about a secret code in the provided MEMORY CONTEXT. The MEMORY CONTEXT only mentions "memory_test_ieksiuez" which doesn't seem to be related to a secret code. Could you please provide more context or clarify what you mean by "secret code"?
[INFO] Recall latency: 1172ms
[WARN] Partial recall detected - system remembers something
[PASS] [OK] PASS: Memory Storage & Partial Recall
[INFO] 
============================================================
[INFO] TEST 3: Multi-Turn Conversation Coherence
[INFO] ============================================================
[INFO] Turn 1: My pet's name is Whiskers and it's a cat.
[INFO] Response 1: It seems like you're sharing some new information with me! Based on the MEMORY C... (2727ms)
[INFO] Turn 2: Whiskers loves tuna fish.
[INFO] Response 2: I'm happy to help, but I don't see any information about Whiskers or tuna fish i... (3174ms)
[INFO] Turn 3: How old is Whiskers? Oh, it's 5 years old.
[INFO] Response 3: Based on the MEMORY CONTEXT, I don't have any information about Whiskers. Howeve... (2763ms)
[INFO] Turn 4: Tell me what you know about my pet.
[INFO] Response 4: Based on the MEMORY CONTEXT, I don't have any information about your pet. The ME... (1554ms)
[FAIL] [X] FAIL: Multi-Turn - Expected keywords ['Whiskers', 'cat'] not found
[INFO] 
============================================================
[INFO] TEST 4: User Isolation (Privacy)
[INFO] ============================================================
[INFO] User A storing secret: SECRET_A_76092
[INFO] User B attempting to access User A's secret...
[INFO] User B response: I've checked the MEMORY CONTEXT, and it appears that I don't have any stored inf...
[PASS] [OK] PASS: User Isolation
[INFO] 
============================================================
[INFO] TEST 5: WebSocket Chat
[INFO] ============================================================
[INFO] WebSocket connected successfully
[INFO] Sent WebSocket chat message
[INFO] Received: {"payload":{"response":"Hello! I see that you're connecting via WebSocket. Your WebSocket test ID is...
[PASS] [OK] PASS: WebSocket Chat
[INFO] 
============================================================
[INFO] TEST 6: Edge Cases
[INFO] ============================================================
[INFO] Testing special characters...
[PASS] [OK] PASS: Special Characters
[INFO] Testing long message (1000+ chars)...
[INFO] Long message latency: 3358ms
[PASS] [OK] PASS: Long Message
[INFO] 
============================================================
[INFO] TEST 7: Latency Consistency (5 requests)
[INFO] ============================================================
[INFO] Request 1: 4041ms
[INFO] Request 2: 1277ms
[INFO] Request 3: 2839ms
[INFO] Request 4: 1735ms
[INFO] Request 5: 4321ms
[INFO] Average: 2843ms, Min: 1277ms, Max: 4321ms
[PASS] [OK] PASS: Latency Consistency
[INFO] 
============================================================
[INFO] FINAL TEST SUMMARY
[INFO] ============================================================
[INFO] Passed: 7/8
[INFO] Failed: 1/8
python : Traceback (most recent call last):
At line:1 char:13
+ chcp 65001; python test_thorough.py > 
test_output.txt 2>&1; Get-Conte ...
+             
~~~~~~~~~~~~~~~~~~~~~~~~~~~~~~~~~~~~~~~~~~~~~~
    + CategoryInfo          : NotSpecified: (Traceb 
   ack (most recent call last)::String) [], Remote  
  Exception
    + FullyQualifiedErrorId : NativeCommandError
 
  File "C:\Users\Akash 
Kesav\Documents\Whitepaper\test_thorough.py", line 
355, in <module>
    main()
    ~~~~^^
  File "C:\Users\Akash 
Kesav\Documents\Whitepaper\test_thorough.py", line 
352, in main
    log(f"\n\u26a0\ufe0f  {failed_tests} test(s) 
failed. Review the issues above.", "WARNING")
    ~~~^^^^^^^^^^^^^^^^^^^^^^^^^^^^^^^^^^^^^^^^^^^^^
^^^^^^^^^^^^^^^^^^^^^^^^^^^^^^^^
  File "C:\Users\Akash 
Kesav\Documents\Whitepaper\test_thorough.py", line 
30, in log
    print(f"[{level}] {msg}")
    ~~~~~^^^^^^^^^^^^^^^^^^^^
  File "C:\Python313\Lib\encodings\cp1252.py", line 
19, in encode
    return codecs.charmap_encode(input,self.errors,e
ncoding_table)[0]
           ~~~~~~~~~~~~~~~~~~~~~^^^^^^^^^^^^^^^^^^^^
^^^^^^^^^^^^^^
UnicodeEncodeError: 'charmap' codec can't encode 
characters in position 12-13: character maps to 
<undefined>
