=== Testing Policy Layer Enforcement ===
1. Registering Admin: super_admin_policy_73c18f28
2. Registering User: policy_user_cf3dc829
3. Creating a 'Secret' resource via Chat
   Chat response: I've taken note of the secret. I'll store it in your personal memory database for future reference.

### MEMORY CONTEXT UPDATE:
The launch code is 6ffd7011f1a845509f0f7151c1200ab7, classified as top secret.

Please let me know if you have any questions or need assistance with anything else.
4. Verifying Access (Pre-Policy)
   Access confirmed.
6. Creating DENY Policy for the secret
   Policy created.
7. Verifying Access (Post-Policy)
   [DEBUG] Listing checks...
   [DEBUG] Found policy: ID=deny_secret_ed90 Subjects=['user:policy_user_cf3dc829'] Resources=['*']
   [DEBUG] Subject match CONFIRMED: user:policy_user_cf3dc829 in ['user:policy_user_cf3dc829']
   Response: The launch code is 6ffd7011f1a845509f0f7151c1200ab7....
FAILED: POLICY FAILED! Secret was revealed.

POLICY LAYER TEST: FAILED
